
Allocating common symbols
Common symbol       size              file

mem_para_info       0xe8              arch/arm/mach-sunxi/pm/standby/super/resume/resume1_c_part.o
saved_context_r13_irq
                    0x8               arch/arm/mach-sunxi/pm/standby/../mem_cpu.o
saved_context_r12_svc
                    0x8               arch/arm/mach-sunxi/pm/standby/../mem_cpu.o
saved_spsr_fiq      0x4               arch/arm/mach-sunxi/pm/standby/../mem_cpu.o
saved_spsr_und      0x4               arch/arm/mach-sunxi/pm/standby/../mem_cpu.o
saved_spsr_irq      0x4               arch/arm/mach-sunxi/pm/standby/../mem_cpu.o
saved_context_r13_abt
                    0x8               arch/arm/mach-sunxi/pm/standby/../mem_cpu.o
saved_spsr_mon      0x4               arch/arm/mach-sunxi/pm/standby/../mem_cpu.o
saved_empty_context_svc
                    0xb0              arch/arm/mach-sunxi/pm/standby/../mem_cpu.o
saved_context_r13_fiq
                    0x1c              arch/arm/mach-sunxi/pm/standby/../mem_cpu.o
saved_cpsr_svc      0x4               arch/arm/mach-sunxi/pm/standby/../mem_cpu.o
saved_context_r13_sys
                    0x8               arch/arm/mach-sunxi/pm/standby/../mem_cpu.o
saved_spsr_abt      0x4               arch/arm/mach-sunxi/pm/standby/../mem_cpu.o
saved_context_r13_mon
                    0x8               arch/arm/mach-sunxi/pm/standby/../mem_cpu.o
func_entry          0x4               arch/arm/mach-sunxi/pm/standby/super/resume/resume1_c_part.o
saved_spsr_svc      0x4               arch/arm/mach-sunxi/pm/standby/../mem_cpu.o
saved_context_r13_und
                    0x8               arch/arm/mach-sunxi/pm/standby/../mem_cpu.o

Memory Configuration

Name             Origin             Length             Attributes
*default*        0x00000000         0xffffffff

Linker script and memory map

                0x00000000                __resume1_start = .

.text           0x00000000     0x2fec
 arch/arm/mach-sunxi/pm/standby/super/resume/resume_head.o(.rodata)
 .rodata        0x00000000       0x30 arch/arm/mach-sunxi/pm/standby/super/resume/resume_head.o
                0x00000000                resume_head
 arch/arm/mach-sunxi/pm/standby/super/resume/resume1.o(.text)
 .text          0x00000030       0x5c arch/arm/mach-sunxi/pm/standby/super/resume/resume1.o
                0x00000030                _start
 *(.text)
 .text          0x0000008c        0x0 arch/arm/mach-sunxi/pm/standby/super/resume/resume_head.o
 .text          0x0000008c       0x28 arch/arm/mach-sunxi/pm/standby/super/common.o
                0x0000008c                mem_memcpy
 .text          0x000000b4        0x0 arch/arm/mach-sunxi/pm/standby/super/super_twi.o
 .text          0x000000b4       0x28 arch/arm/mach-sunxi/pm/standby/super/super_delay.o
                0x000000b4                mem_delay
 .text          0x000000dc        0x0 arch/arm/mach-sunxi/pm/standby/super/super_clock.o
 .text          0x000000dc        0x0 arch/arm/mach-sunxi/pm/standby/super/super_power.o
 .text          0x000000dc        0x0 arch/arm/mach-sunxi/pm/standby/super/super_cpus.o
 .text          0x000000dc      0x2a4 arch/arm/mach-sunxi/pm/standby/super/resume/resume1_c_part.o
                0x000000dc                resume1_c_part
                0x00000214                set_pll
 .text          0x00000380      0x378 arch/arm/mach-sunxi/pm/standby/../pm_debug.o
                0x00000380                busy_waiting
                0x000003a0                save_mem_flag
                0x000003a4                clear_mem_flag
                0x000003a8                mem_status_init
                0x000003cc                mem_status_init_nommu
                0x000003f0                mem_status_clear
                0x00000484                mem_status_exit
                0x00000488                save_mem_status
                0x0000051c                get_mem_status
                0x00000570                show_mem_status
                0x000005e8                save_mem_status_nommu
                0x0000067c                io_init
                0x00000694                io_init_high
                0x000006ac                io_init_low
                0x000006c4                io_high
 .text          0x000006f8      0x200 arch/arm/mach-sunxi/pm/standby/../mem_timing.o
                0x000006f8                init_perfcounters
                0x0000072c                backup_perfcounter
                0x00000748                restore_perfcounter
                0x0000076c                get_cyclecount
                0x00000774                reset_counter
                0x00000784                change_runtime_env
                0x000007b8                delay_us
                0x00000840                delay_ms
                0x00000874                init_event_counter
                0x000008a0                set_event_counter
                0x000008cc                get_event_counter
 *fill*         0x000008f8        0x8 00
 .text          0x00000900       0xe0 arch/arm/mach-sunxi/pm/standby/../mem_mmu_pc.o
                0x00000900                save_mmu_state
                0x0000093c                restore_secure_mmu_state
                0x00000988                restore_mmu_state
 .text          0x000009e0      0x560 arch/arm/mach-sunxi/pm/standby/../mem_mmu_pc_asm.o
                0x000009e0                save_sp
                0x000009ec                save_sp_nommu
                0x000009f8                restore_sp
                0x00000a00                get_sp
                0x00000a10                get_cur_cluster_id
                0x00000a20                invalidate_dcache
                0x00000ab4                invalidate_icache
                0x00000acc                flush_dcache
                0x00000b68                flush_icache
                0x00000b8c                disable_cache
                0x00000bac                disable_dcache
                0x00000bc8                disable_icache
                0x00000be4                disable_l2cache
                0x00000c00                enable_cache
                0x00000c20                enable_icache
                0x00000c3c                invalidate_branch_predictor
                0x00000c54                disable_program_flow_prediction
                0x00000c70                enable_program_flow_prediction
                0x00000c8c                mem_flush_tlb
                0x00000cb0                mem_preload_tlb
                0x00000dbc                disable_mmu
                0x00000df4                enable_mmu
                0x00000e34                jump_to_suspend
                0x00000e50                jump_to_resume
                0x00000e70                jump_to_resume0
                0x00000e80                jump_to_resume0_nommu
 .text          0x00000f40      0x7b0 arch/arm/mach-sunxi/pm/standby/../mem_cpu.o
                0x00000f40                __save_processor_state
                0x00001344                __restore_processor_state
                0x00001608                disable_cache_invalidate
                0x00001620                set_copro_default
                0x000016b4                save_processor_state
                0x000016c0                restore_processor_state
                0x000016cc                restore_processor_ttbr0
                0x000016e0                set_ttbr0
 .text          0x000016f0      0x544 arch/arm/mach-sunxi/pm/standby/../mem_serial.o
                0x00001844                serial_exit
                0x00001884                serial_init_nommu
                0x00001908                serial_puts_nommu
                0x000019b8                serial_gets_nommu
                0x00001a44                serial_init_manager
                0x00001a58                serial_exit_manager
                0x00001a6c                serial_init
                0x00001af8                serial_puts
                0x00001ba8                serial_gets
 .text          0x00001c34      0x7ec arch/arm/mach-sunxi/pm/standby/../mem_printk.o
                0x00001e80                printk
                0x00002150                printk_nommu
 .text          0x00002420      0x1dc arch/arm/mach-sunxi/pm/standby/../mem_divlib.o
                0x00002420                standby_delay
                0x00002448                standby_delay_cycle
                0x00002454                Ldiv0
                0x00002464                __aeabi_uidiv
                0x00002500                __aeabi_idiv
                0x000025cc                __aeabi_uidivmod
                0x000025e4                __aeabi_idivmod
 .text          0x000025fc       0x58 arch/arm/mach-sunxi/pm/standby/../mem_divlibc.o
                0x000025fc                __mem_div0
                0x00002608                raw_lib_udiv
 .text          0x00002654      0x19c arch/arm/mach-sunxi/pm/standby/../mem_int.o
                0x00002654                mem_int_init
                0x000026e4                mem_int_exit
                0x00002738                mem_enable_int
                0x00002794                mem_query_int
 .text          0x000027f0       0xa0 arch/arm/mach-sunxi/pm/standby/../mem_gpio.o
                0x000027f0                mem_gpio_save
                0x0000281c                mem_gpio_restore
                0x00002848                config_gpio_clk
 .text          0x00002890      0x1e8 arch/arm/mach-sunxi/pm/standby/../mem_tmr.o
                0x00002890                mem_tmr_save
                0x000028f0                mem_tmr_restore
                0x00002940                mem_tmr_init
                0x00002978                mem_tmr_exit
                0x000029a0                mem_tmr_enable_watchdog
                0x000029e8                mem_tmr_disable_watchdog
                0x00002a28                mem_tmr_set
 .text          0x00002a78       0x58 arch/arm/mach-sunxi/pm/standby/../mem_tmstmp.o
                0x00002a78                mem_tmstmp_save
                0x00002aa8                mem_tmstmp_restore
 .text          0x00002ad0      0x178 arch/arm/mach-sunxi/pm/standby/../mem_hwspinlock.o
                0x00002ad0                hwspinlock_init
                0x00002b00                hwspin_lock_timeout
                0x00002b7c                hwspin_unlock
                0x00002bac                hwspin_lock_timeout_nommu
                0x00002c18                hwspin_unlock_nommu
 .text          0x00002c48      0x3a4 arch/arm/mach-sunxi/pm/standby/../mem_clk.o
                0x00002c48                mem_clk_init
                0x00002c78                mem_get_ba
                0x00002c88                mem_clk_save
                0x00002cc4                mem_clk_restore
                0x00002cf8                mem_clk_setdiv
                0x00002d68                mem_clk_getdiv
                0x00002db0                mem_clk_set_pll_factor
                0x00002e04                mem_clk_get_pll_factor
                0x00002e4c                mem_clk_set_misc
                0x00002f00                mem_clk_get_misc
                0x00002f90                mem_clk_get_cpu_freq

.glue_7         0x00002fec        0x0
 .glue_7        0x00000000        0x0 linker stubs

.glue_7t        0x00002fec        0x0
 .glue_7t       0x00000000        0x0 linker stubs

.vfp11_veneer   0x00002fec        0x0
 .vfp11_veneer  0x00000000        0x0 linker stubs

.v4_bx          0x00002fec        0x0
 .v4_bx         0x00000000        0x0 linker stubs

.iplt           0x00002fec        0x0
 .iplt          0x00000000        0x0 arch/arm/mach-sunxi/pm/standby/super/resume/resume_head.o

.rodata         0x00002fec       0x1c
 *(.rodata)
 .rodata        0x00002fec       0x10 arch/arm/mach-sunxi/pm/standby/../mem_timing.o
 .rodata        0x00002ffc        0xc arch/arm/mach-sunxi/pm/standby/../mem_serial.o

.rodata.str1.4  0x00003008      0x19c
 .rodata.str1.4
                0x00003008      0x106 arch/arm/mach-sunxi/pm/standby/super/resume/resume1_c_part.o
                                0x108 (size before relaxing)
 *fill*         0x0000310e        0x2 00
 .rodata.str1.4
                0x00003110       0x17 arch/arm/mach-sunxi/pm/standby/../pm_debug.o
                                 0x18 (size before relaxing)
 *fill*         0x00003127        0x1 00
 .rodata.str1.4
                0x00003128       0x25 arch/arm/mach-sunxi/pm/standby/../mem_printk.o
                                 0x28 (size before relaxing)
 *fill*         0x0000314d        0x3 00
 .rodata.str1.4
                0x00003150       0x1a arch/arm/mach-sunxi/pm/standby/../mem_divlibc.o
                                 0x1c (size before relaxing)
 *fill*         0x0000316a        0x2 00
 .rodata.str1.4
                0x0000316c       0x1b arch/arm/mach-sunxi/pm/standby/../mem_int.o
                                 0x1c (size before relaxing)
 *fill*         0x00003187        0x1 00
 .rodata.str1.4
                0x00003188       0x1c arch/arm/mach-sunxi/pm/standby/../mem_hwspinlock.o

.rel.dyn        0x000031a4        0x0
 .rel.iplt      0x00000000        0x0 arch/arm/mach-sunxi/pm/standby/super/resume/resume_head.o

.data           0x000031a4        0x4
 *(.data)
 .data          0x000031a4        0x0 arch/arm/mach-sunxi/pm/standby/super/resume/resume_head.o
 .data          0x000031a4        0x0 arch/arm/mach-sunxi/pm/standby/super/resume/resume1.o
 .data          0x000031a4        0x0 arch/arm/mach-sunxi/pm/standby/super/common.o
 .data          0x000031a4        0x0 arch/arm/mach-sunxi/pm/standby/super/super_twi.o
 .data          0x000031a4        0x0 arch/arm/mach-sunxi/pm/standby/super/super_delay.o
 .data          0x000031a4        0x0 arch/arm/mach-sunxi/pm/standby/super/super_clock.o
 .data          0x000031a4        0x0 arch/arm/mach-sunxi/pm/standby/super/super_power.o
 .data          0x000031a4        0x0 arch/arm/mach-sunxi/pm/standby/super/super_cpus.o
 .data          0x000031a4        0x4 arch/arm/mach-sunxi/pm/standby/super/resume/resume1_c_part.o
 .data          0x000031a8        0x0 arch/arm/mach-sunxi/pm/standby/../pm_debug.o
 .data          0x000031a8        0x0 arch/arm/mach-sunxi/pm/standby/../mem_timing.o
 .data          0x000031a8        0x0 arch/arm/mach-sunxi/pm/standby/../mem_mmu_pc.o
 .data          0x000031a8        0x0 arch/arm/mach-sunxi/pm/standby/../mem_mmu_pc_asm.o
 .data          0x000031a8        0x0 arch/arm/mach-sunxi/pm/standby/../mem_cpu.o
 .data          0x000031a8        0x0 arch/arm/mach-sunxi/pm/standby/../mem_serial.o
 .data          0x000031a8        0x0 arch/arm/mach-sunxi/pm/standby/../mem_printk.o
 .data          0x000031a8        0x0 arch/arm/mach-sunxi/pm/standby/../mem_divlib.o
 .data          0x000031a8        0x0 arch/arm/mach-sunxi/pm/standby/../mem_divlibc.o
 .data          0x000031a8        0x0 arch/arm/mach-sunxi/pm/standby/../mem_int.o
 .data          0x000031a8        0x0 arch/arm/mach-sunxi/pm/standby/../mem_gpio.o
 .data          0x000031a8        0x0 arch/arm/mach-sunxi/pm/standby/../mem_tmr.o
 .data          0x000031a8        0x0 arch/arm/mach-sunxi/pm/standby/../mem_tmstmp.o
 .data          0x000031a8        0x0 arch/arm/mach-sunxi/pm/standby/../mem_hwspinlock.o
 .data          0x000031a8        0x0 arch/arm/mach-sunxi/pm/standby/../mem_clk.o
                0x000031a8                __bss_start = .

.igot.plt       0x000031a8        0x0
 .igot.plt      0x00000000        0x0 arch/arm/mach-sunxi/pm/standby/super/resume/resume_head.o

.bss            0x000031a8      0x40c
 *(.sbss)
 *(.scommon)
 *(.bss)
 .bss           0x000031a8        0x0 arch/arm/mach-sunxi/pm/standby/super/resume/resume_head.o
 .bss           0x000031a8        0x0 arch/arm/mach-sunxi/pm/standby/super/resume/resume1.o
 .bss           0x000031a8        0x0 arch/arm/mach-sunxi/pm/standby/super/common.o
 .bss           0x000031a8        0x0 arch/arm/mach-sunxi/pm/standby/super/super_twi.o
 .bss           0x000031a8        0x0 arch/arm/mach-sunxi/pm/standby/super/super_delay.o
 .bss           0x000031a8        0x0 arch/arm/mach-sunxi/pm/standby/super/super_clock.o
 .bss           0x000031a8        0x0 arch/arm/mach-sunxi/pm/standby/super/super_power.o
 .bss           0x000031a8        0x0 arch/arm/mach-sunxi/pm/standby/super/super_cpus.o
 .bss           0x000031a8        0x0 arch/arm/mach-sunxi/pm/standby/super/resume/resume1_c_part.o
 .bss           0x000031a8       0x14 arch/arm/mach-sunxi/pm/standby/../pm_debug.o
                0x000031b8                print_flag
 .bss           0x000031bc       0x10 arch/arm/mach-sunxi/pm/standby/../mem_timing.o
 .bss           0x000031cc        0x0 arch/arm/mach-sunxi/pm/standby/../mem_mmu_pc.o
 .bss           0x000031cc        0x0 arch/arm/mach-sunxi/pm/standby/../mem_mmu_pc_asm.o
 .bss           0x000031cc       0xa0 arch/arm/mach-sunxi/pm/standby/../mem_cpu.o
 .bss           0x0000326c       0x14 arch/arm/mach-sunxi/pm/standby/../mem_serial.o
 .bss           0x00003280      0x100 arch/arm/mach-sunxi/pm/standby/../mem_printk.o
 .bss           0x00003380        0x0 arch/arm/mach-sunxi/pm/standby/../mem_divlib.o
 .bss           0x00003380        0x0 arch/arm/mach-sunxi/pm/standby/../mem_divlibc.o
 .bss           0x00003380        0x8 arch/arm/mach-sunxi/pm/standby/../mem_int.o
 .bss           0x00003388        0x4 arch/arm/mach-sunxi/pm/standby/../mem_gpio.o
 .bss           0x0000338c       0x10 arch/arm/mach-sunxi/pm/standby/../mem_tmr.o
 .bss           0x0000339c        0x4 arch/arm/mach-sunxi/pm/standby/../mem_tmstmp.o
 .bss           0x000033a0        0x4 arch/arm/mach-sunxi/pm/standby/../mem_hwspinlock.o
 .bss           0x000033a4        0xc arch/arm/mach-sunxi/pm/standby/../mem_clk.o
 *(COMMON)
 COMMON         0x000033b0       0xec arch/arm/mach-sunxi/pm/standby/super/resume/resume1_c_part.o
                0x000033b0                mem_para_info
                0x00003498                func_entry
 COMMON         0x0000349c      0x118 arch/arm/mach-sunxi/pm/standby/../mem_cpu.o
                0x0000349c                saved_context_r13_irq
                0x000034a4                saved_context_r12_svc
                0x000034ac                saved_spsr_fiq
                0x000034b0                saved_spsr_und
                0x000034b4                saved_spsr_irq
                0x000034b8                saved_context_r13_abt
                0x000034c0                saved_spsr_mon
                0x000034c4                saved_empty_context_svc
                0x00003574                saved_context_r13_fiq
                0x00003590                saved_cpsr_svc
                0x00003594                saved_context_r13_sys
                0x0000359c                saved_spsr_abt
                0x000035a0                saved_context_r13_mon
                0x000035a8                saved_spsr_svc
                0x000035ac                saved_context_r13_und
                0x000035b4                __bss_end = .
                0x000035b4                __resume1_end = .
LOAD arch/arm/mach-sunxi/pm/standby/super/common.o
LOAD arch/arm/mach-sunxi/pm/standby/super/super_twi.o
LOAD arch/arm/mach-sunxi/pm/standby/super/super_delay.o
LOAD arch/arm/mach-sunxi/pm/standby/super/super_clock.o
LOAD arch/arm/mach-sunxi/pm/standby/super/super_power.o
LOAD arch/arm/mach-sunxi/pm/standby/super/super_cpus.o
LOAD arch/arm/mach-sunxi/pm/standby/super/resume/resume1.o
LOAD arch/arm/mach-sunxi/pm/standby/super/resume/resume_head.o
LOAD arch/arm/mach-sunxi/pm/standby/super/resume/resume1_c_part.o
LOAD arch/arm/mach-sunxi/pm/standby/../pm_debug.o
LOAD arch/arm/mach-sunxi/pm/standby/../mem_timing.o
LOAD arch/arm/mach-sunxi/pm/standby/../mem_mmu_pc.o
LOAD arch/arm/mach-sunxi/pm/standby/../mem_mmu_pc_asm.o
LOAD arch/arm/mach-sunxi/pm/standby/../mem_cpu.o
LOAD arch/arm/mach-sunxi/pm/standby/../mem_serial.o
LOAD arch/arm/mach-sunxi/pm/standby/../mem_printk.o
LOAD arch/arm/mach-sunxi/pm/standby/../mem_divlib.o
LOAD arch/arm/mach-sunxi/pm/standby/../mem_divlibc.o
LOAD arch/arm/mach-sunxi/pm/standby/../mem_int.o
LOAD arch/arm/mach-sunxi/pm/standby/../mem_gpio.o
LOAD arch/arm/mach-sunxi/pm/standby/../mem_tmr.o
LOAD arch/arm/mach-sunxi/pm/standby/../mem_tmstmp.o
LOAD arch/arm/mach-sunxi/pm/standby/../mem_hwspinlock.o
LOAD arch/arm/mach-sunxi/pm/standby/../mem_clk.o
OUTPUT(arch/arm/mach-sunxi/pm/standby/resume1.elf elf32-littlearm)

.debug_info     0x00000000     0x5f9c
 .debug_info    0x00000000      0x1b4 arch/arm/mach-sunxi/pm/standby/super/resume/resume_head.o
 .debug_info    0x000001b4       0x70 arch/arm/mach-sunxi/pm/standby/super/resume/resume1.o
 .debug_info    0x00000224       0xd0 arch/arm/mach-sunxi/pm/standby/super/common.o
 .debug_info    0x000002f4       0x6c arch/arm/mach-sunxi/pm/standby/super/super_twi.o
 .debug_info    0x00000360       0x6d arch/arm/mach-sunxi/pm/standby/super/super_delay.o
 .debug_info    0x000003cd       0x6c arch/arm/mach-sunxi/pm/standby/super/super_clock.o
 .debug_info    0x00000439       0x6c arch/arm/mach-sunxi/pm/standby/super/super_power.o
 .debug_info    0x000004a5       0x6c arch/arm/mach-sunxi/pm/standby/super/super_cpus.o
 .debug_info    0x00000511     0x10cf arch/arm/mach-sunxi/pm/standby/super/resume/resume1_c_part.o
 .debug_info    0x000015e0      0x3e1 arch/arm/mach-sunxi/pm/standby/../pm_debug.o
 .debug_info    0x000019c1      0x4fa arch/arm/mach-sunxi/pm/standby/../mem_timing.o
 .debug_info    0x00001ebb      0x175 arch/arm/mach-sunxi/pm/standby/../mem_mmu_pc.o
 .debug_info    0x00002030       0x6d arch/arm/mach-sunxi/pm/standby/../mem_mmu_pc_asm.o
 .debug_info    0x0000209d      0x594 arch/arm/mach-sunxi/pm/standby/../mem_cpu.o
 .debug_info    0x00002631     0x11bd arch/arm/mach-sunxi/pm/standby/../mem_serial.o
 .debug_info    0x000037ee      0x844 arch/arm/mach-sunxi/pm/standby/../mem_printk.o
 .debug_info    0x00004032       0x69 arch/arm/mach-sunxi/pm/standby/../mem_divlib.o
 .debug_info    0x0000409b       0xfa arch/arm/mach-sunxi/pm/standby/../mem_divlibc.o
 .debug_info    0x00004195      0x2d1 arch/arm/mach-sunxi/pm/standby/../mem_int.o
 .debug_info    0x00004466      0x16a arch/arm/mach-sunxi/pm/standby/../mem_gpio.o
 .debug_info    0x000045d0      0x48c arch/arm/mach-sunxi/pm/standby/../mem_tmr.o
 .debug_info    0x00004a5c      0x1ba arch/arm/mach-sunxi/pm/standby/../mem_tmstmp.o
 .debug_info    0x00004c16      0x303 arch/arm/mach-sunxi/pm/standby/../mem_hwspinlock.o
 .debug_info    0x00004f19     0x1083 arch/arm/mach-sunxi/pm/standby/../mem_clk.o

.debug_abbrev   0x00000000     0x153d
 .debug_abbrev  0x00000000       0x97 arch/arm/mach-sunxi/pm/standby/super/resume/resume_head.o
 .debug_abbrev  0x00000097       0x14 arch/arm/mach-sunxi/pm/standby/super/resume/resume1.o
 .debug_abbrev  0x000000ab       0x8b arch/arm/mach-sunxi/pm/standby/super/common.o
 .debug_abbrev  0x00000136       0x2a arch/arm/mach-sunxi/pm/standby/super/super_twi.o
 .debug_abbrev  0x00000160       0x14 arch/arm/mach-sunxi/pm/standby/super/super_delay.o
 .debug_abbrev  0x00000174       0x2a arch/arm/mach-sunxi/pm/standby/super/super_clock.o
 .debug_abbrev  0x0000019e       0x2a arch/arm/mach-sunxi/pm/standby/super/super_power.o
 .debug_abbrev  0x000001c8       0x2a arch/arm/mach-sunxi/pm/standby/super/super_cpus.o
 .debug_abbrev  0x000001f2      0x190 arch/arm/mach-sunxi/pm/standby/super/resume/resume1_c_part.o
 .debug_abbrev  0x00000382      0x192 arch/arm/mach-sunxi/pm/standby/../pm_debug.o
 .debug_abbrev  0x00000514      0x1f0 arch/arm/mach-sunxi/pm/standby/../mem_timing.o
 .debug_abbrev  0x00000704       0xa8 arch/arm/mach-sunxi/pm/standby/../mem_mmu_pc.o
 .debug_abbrev  0x000007ac       0x14 arch/arm/mach-sunxi/pm/standby/../mem_mmu_pc_asm.o
 .debug_abbrev  0x000007c0      0x148 arch/arm/mach-sunxi/pm/standby/../mem_cpu.o
 .debug_abbrev  0x00000908      0x31c arch/arm/mach-sunxi/pm/standby/../mem_serial.o
 .debug_abbrev  0x00000c24      0x221 arch/arm/mach-sunxi/pm/standby/../mem_printk.o
 .debug_abbrev  0x00000e45       0x14 arch/arm/mach-sunxi/pm/standby/../mem_divlib.o
 .debug_abbrev  0x00000e59       0x81 arch/arm/mach-sunxi/pm/standby/../mem_divlibc.o
 .debug_abbrev  0x00000eda       0xcb arch/arm/mach-sunxi/pm/standby/../mem_int.o
 .debug_abbrev  0x00000fa5       0xda arch/arm/mach-sunxi/pm/standby/../mem_gpio.o
 .debug_abbrev  0x0000107f       0xf2 arch/arm/mach-sunxi/pm/standby/../mem_tmr.o
 .debug_abbrev  0x00001171       0xd5 arch/arm/mach-sunxi/pm/standby/../mem_tmstmp.o
 .debug_abbrev  0x00001246      0x148 arch/arm/mach-sunxi/pm/standby/../mem_hwspinlock.o
 .debug_abbrev  0x0000138e      0x1af arch/arm/mach-sunxi/pm/standby/../mem_clk.o

.debug_line     0x00000000     0x16d5
 .debug_line    0x00000000       0xbc arch/arm/mach-sunxi/pm/standby/super/resume/resume_head.o
 .debug_line    0x000000bc       0x7f arch/arm/mach-sunxi/pm/standby/super/resume/resume1.o
 .debug_line    0x0000013b       0x76 arch/arm/mach-sunxi/pm/standby/super/common.o
 .debug_line    0x000001b1       0x1d arch/arm/mach-sunxi/pm/standby/super/super_twi.o
 .debug_line    0x000001ce       0x6b arch/arm/mach-sunxi/pm/standby/super/super_delay.o
 .debug_line    0x00000239       0x1d arch/arm/mach-sunxi/pm/standby/super/super_clock.o
 .debug_line    0x00000256       0x1d arch/arm/mach-sunxi/pm/standby/super/super_power.o
 .debug_line    0x00000273       0x1d arch/arm/mach-sunxi/pm/standby/super/super_cpus.o
 .debug_line    0x00000290      0x186 arch/arm/mach-sunxi/pm/standby/super/resume/resume1_c_part.o
 .debug_line    0x00000416      0x14d arch/arm/mach-sunxi/pm/standby/../pm_debug.o
 .debug_line    0x00000563      0x133 arch/arm/mach-sunxi/pm/standby/../mem_timing.o
 .debug_line    0x00000696       0xbd arch/arm/mach-sunxi/pm/standby/../mem_mmu_pc.o
 .debug_line    0x00000753      0x1b3 arch/arm/mach-sunxi/pm/standby/../mem_mmu_pc_asm.o
 .debug_line    0x00000906      0x144 arch/arm/mach-sunxi/pm/standby/../mem_cpu.o
 .debug_line    0x00000a4a      0x20b arch/arm/mach-sunxi/pm/standby/../mem_serial.o
 .debug_line    0x00000c55      0x316 arch/arm/mach-sunxi/pm/standby/../mem_printk.o
 .debug_line    0x00000f6b       0xad arch/arm/mach-sunxi/pm/standby/../mem_divlib.o
 .debug_line    0x00001018       0x86 arch/arm/mach-sunxi/pm/standby/../mem_divlibc.o
 .debug_line    0x0000109e      0x125 arch/arm/mach-sunxi/pm/standby/../mem_int.o
 .debug_line    0x000011c3       0xac arch/arm/mach-sunxi/pm/standby/../mem_gpio.o
 .debug_line    0x0000126f      0x100 arch/arm/mach-sunxi/pm/standby/../mem_tmr.o
 .debug_line    0x0000136f       0xb3 arch/arm/mach-sunxi/pm/standby/../mem_tmstmp.o
 .debug_line    0x00001422      0x121 arch/arm/mach-sunxi/pm/standby/../mem_hwspinlock.o
 .debug_line    0x00001543      0x192 arch/arm/mach-sunxi/pm/standby/../mem_clk.o

.debug_str      0x00000000     0x1f08
 .debug_str     0x00000000      0x22a arch/arm/mach-sunxi/pm/standby/super/resume/resume_head.o
                                0x262 (size before relaxing)
 .debug_str     0x0000022a       0x49 arch/arm/mach-sunxi/pm/standby/super/common.o
                                0x104 (size before relaxing)
 .debug_str     0x00000273       0x31 arch/arm/mach-sunxi/pm/standby/super/super_twi.o
                                 0xe7 (size before relaxing)
 .debug_str     0x000002a4       0x33 arch/arm/mach-sunxi/pm/standby/super/super_clock.o
                                 0xe9 (size before relaxing)
 .debug_str     0x000002d7       0x33 arch/arm/mach-sunxi/pm/standby/super/super_power.o
                                 0xe9 (size before relaxing)
 .debug_str     0x0000030a       0x32 arch/arm/mach-sunxi/pm/standby/super/super_cpus.o
                                 0xe8 (size before relaxing)
 .debug_str     0x0000033c      0xa55 arch/arm/mach-sunxi/pm/standby/super/resume/resume1_c_part.o
                                0xc0a (size before relaxing)
 .debug_str     0x00000d91      0x1a8 arch/arm/mach-sunxi/pm/standby/../pm_debug.o
                                0x34b (size before relaxing)
 .debug_str     0x00000f39      0x1c0 arch/arm/mach-sunxi/pm/standby/../mem_timing.o
                                0x36d (size before relaxing)
 .debug_str     0x000010f9       0x69 arch/arm/mach-sunxi/pm/standby/../mem_mmu_pc.o
                                0x16c (size before relaxing)
 .debug_str     0x00001162      0x285 arch/arm/mach-sunxi/pm/standby/../mem_cpu.o
                                0x473 (size before relaxing)
 .debug_str     0x000013e7      0x1d3 arch/arm/mach-sunxi/pm/standby/../mem_serial.o
                                0xa4d (size before relaxing)
 .debug_str     0x000015ba       0xe5 arch/arm/mach-sunxi/pm/standby/../mem_printk.o
                                0x29a (size before relaxing)
 .debug_str     0x0000169f       0x6f arch/arm/mach-sunxi/pm/standby/../mem_divlibc.o
                                0x131 (size before relaxing)
 .debug_str     0x0000170e      0x279 arch/arm/mach-sunxi/pm/standby/../mem_int.o
                                0x40e (size before relaxing)
 .debug_str     0x00001987       0x9b arch/arm/mach-sunxi/pm/standby/../mem_gpio.o
                                0x171 (size before relaxing)
 .debug_str     0x00001a22      0x241 arch/arm/mach-sunxi/pm/standby/../mem_tmr.o
                                0x426 (size before relaxing)
 .debug_str     0x00001c63       0x9f arch/arm/mach-sunxi/pm/standby/../mem_tmstmp.o
                                0x23e (size before relaxing)
 .debug_str     0x00001d02       0xda arch/arm/mach-sunxi/pm/standby/../mem_hwspinlock.o
                                0x280 (size before relaxing)
 .debug_str     0x00001ddc      0x12c arch/arm/mach-sunxi/pm/standby/../mem_clk.o
                                0xa3d (size before relaxing)

.comment        0x00000000       0x64
 .comment       0x00000000       0x64 arch/arm/mach-sunxi/pm/standby/super/resume/resume_head.o
                                 0x65 (size before relaxing)
 .comment       0x00000000       0x65 arch/arm/mach-sunxi/pm/standby/super/common.o
 .comment       0x00000000       0x65 arch/arm/mach-sunxi/pm/standby/super/super_twi.o
 .comment       0x00000000       0x65 arch/arm/mach-sunxi/pm/standby/super/super_clock.o
 .comment       0x00000000       0x65 arch/arm/mach-sunxi/pm/standby/super/super_power.o
 .comment       0x00000000       0x65 arch/arm/mach-sunxi/pm/standby/super/super_cpus.o
 .comment       0x00000000       0x65 arch/arm/mach-sunxi/pm/standby/super/resume/resume1_c_part.o
 .comment       0x00000000       0x65 arch/arm/mach-sunxi/pm/standby/../pm_debug.o
 .comment       0x00000000       0x65 arch/arm/mach-sunxi/pm/standby/../mem_timing.o
 .comment       0x00000000       0x65 arch/arm/mach-sunxi/pm/standby/../mem_mmu_pc.o
 .comment       0x00000000       0x65 arch/arm/mach-sunxi/pm/standby/../mem_cpu.o
 .comment       0x00000000       0x65 arch/arm/mach-sunxi/pm/standby/../mem_serial.o
 .comment       0x00000000       0x65 arch/arm/mach-sunxi/pm/standby/../mem_printk.o
 .comment       0x00000000       0x65 arch/arm/mach-sunxi/pm/standby/../mem_divlibc.o
 .comment       0x00000000       0x65 arch/arm/mach-sunxi/pm/standby/../mem_int.o
 .comment       0x00000000       0x65 arch/arm/mach-sunxi/pm/standby/../mem_gpio.o
 .comment       0x00000000       0x65 arch/arm/mach-sunxi/pm/standby/../mem_tmr.o
 .comment       0x00000000       0x65 arch/arm/mach-sunxi/pm/standby/../mem_tmstmp.o
 .comment       0x00000000       0x65 arch/arm/mach-sunxi/pm/standby/../mem_hwspinlock.o
 .comment       0x00000000       0x65 arch/arm/mach-sunxi/pm/standby/../mem_clk.o

.note.GNU-stack
                0x00000000        0x0
 .note.GNU-stack
                0x00000000        0x0 arch/arm/mach-sunxi/pm/standby/super/resume/resume_head.o
 .note.GNU-stack
                0x00000000        0x0 arch/arm/mach-sunxi/pm/standby/super/common.o
 .note.GNU-stack
                0x00000000        0x0 arch/arm/mach-sunxi/pm/standby/super/super_twi.o
 .note.GNU-stack
                0x00000000        0x0 arch/arm/mach-sunxi/pm/standby/super/super_clock.o
 .note.GNU-stack
                0x00000000        0x0 arch/arm/mach-sunxi/pm/standby/super/super_power.o
 .note.GNU-stack
                0x00000000        0x0 arch/arm/mach-sunxi/pm/standby/super/super_cpus.o
 .note.GNU-stack
                0x00000000        0x0 arch/arm/mach-sunxi/pm/standby/super/resume/resume1_c_part.o
 .note.GNU-stack
                0x00000000        0x0 arch/arm/mach-sunxi/pm/standby/../pm_debug.o
 .note.GNU-stack
                0x00000000        0x0 arch/arm/mach-sunxi/pm/standby/../mem_timing.o
 .note.GNU-stack
                0x00000000        0x0 arch/arm/mach-sunxi/pm/standby/../mem_mmu_pc.o
 .note.GNU-stack
                0x00000000        0x0 arch/arm/mach-sunxi/pm/standby/../mem_cpu.o
 .note.GNU-stack
                0x00000000        0x0 arch/arm/mach-sunxi/pm/standby/../mem_serial.o
 .note.GNU-stack
                0x00000000        0x0 arch/arm/mach-sunxi/pm/standby/../mem_printk.o
 .note.GNU-stack
                0x00000000        0x0 arch/arm/mach-sunxi/pm/standby/../mem_divlibc.o
 .note.GNU-stack
                0x00000000        0x0 arch/arm/mach-sunxi/pm/standby/../mem_int.o
 .note.GNU-stack
                0x00000000        0x0 arch/arm/mach-sunxi/pm/standby/../mem_gpio.o
 .note.GNU-stack
                0x00000000        0x0 arch/arm/mach-sunxi/pm/standby/../mem_tmr.o
 .note.GNU-stack
                0x00000000        0x0 arch/arm/mach-sunxi/pm/standby/../mem_tmstmp.o
 .note.GNU-stack
                0x00000000        0x0 arch/arm/mach-sunxi/pm/standby/../mem_hwspinlock.o
 .note.GNU-stack
                0x00000000        0x0 arch/arm/mach-sunxi/pm/standby/../mem_clk.o

.ARM.attributes
                0x00000000       0x31
 .ARM.attributes
                0x00000000       0x33 arch/arm/mach-sunxi/pm/standby/super/resume/resume_head.o
 .ARM.attributes
                0x00000033       0x21 arch/arm/mach-sunxi/pm/standby/super/resume/resume1.o
 .ARM.attributes
                0x00000054       0x33 arch/arm/mach-sunxi/pm/standby/super/common.o
 .ARM.attributes
                0x00000087       0x33 arch/arm/mach-sunxi/pm/standby/super/super_twi.o
 .ARM.attributes
                0x000000ba       0x21 arch/arm/mach-sunxi/pm/standby/super/super_delay.o
 .ARM.attributes
                0x000000db       0x33 arch/arm/mach-sunxi/pm/standby/super/super_clock.o
 .ARM.attributes
                0x0000010e       0x33 arch/arm/mach-sunxi/pm/standby/super/super_power.o
 .ARM.attributes
                0x00000141       0x33 arch/arm/mach-sunxi/pm/standby/super/super_cpus.o
 .ARM.attributes
                0x00000174       0x33 arch/arm/mach-sunxi/pm/standby/super/resume/resume1_c_part.o
 .ARM.attributes
                0x000001a7       0x33 arch/arm/mach-sunxi/pm/standby/../pm_debug.o
 .ARM.attributes
                0x000001da       0x33 arch/arm/mach-sunxi/pm/standby/../mem_timing.o
 .ARM.attributes
                0x0000020d       0x33 arch/arm/mach-sunxi/pm/standby/../mem_mmu_pc.o
 .ARM.attributes
                0x00000240       0x21 arch/arm/mach-sunxi/pm/standby/../mem_mmu_pc_asm.o
 .ARM.attributes
                0x00000261       0x33 arch/arm/mach-sunxi/pm/standby/../mem_cpu.o
 .ARM.attributes
                0x00000294       0x33 arch/arm/mach-sunxi/pm/standby/../mem_serial.o
 .ARM.attributes
                0x000002c7       0x33 arch/arm/mach-sunxi/pm/standby/../mem_printk.o
 .ARM.attributes
                0x000002fa       0x21 arch/arm/mach-sunxi/pm/standby/../mem_divlib.o
 .ARM.attributes
                0x0000031b       0x33 arch/arm/mach-sunxi/pm/standby/../mem_divlibc.o
 .ARM.attributes
                0x0000034e       0x33 arch/arm/mach-sunxi/pm/standby/../mem_int.o
 .ARM.attributes
                0x00000381       0x33 arch/arm/mach-sunxi/pm/standby/../mem_gpio.o
 .ARM.attributes
                0x000003b4       0x33 arch/arm/mach-sunxi/pm/standby/../mem_tmr.o
 .ARM.attributes
                0x000003e7       0x33 arch/arm/mach-sunxi/pm/standby/../mem_tmstmp.o
 .ARM.attributes
                0x0000041a       0x33 arch/arm/mach-sunxi/pm/standby/../mem_hwspinlock.o
 .ARM.attributes
                0x0000044d       0x33 arch/arm/mach-sunxi/pm/standby/../mem_clk.o

.debug_aranges  0x00000000      0x260
 .debug_aranges
                0x00000000       0x20 arch/arm/mach-sunxi/pm/standby/super/resume/resume1.o
 .debug_aranges
                0x00000020       0x20 arch/arm/mach-sunxi/pm/standby/super/common.o
 .debug_aranges
                0x00000040       0x20 arch/arm/mach-sunxi/pm/standby/super/super_delay.o
 .debug_aranges
                0x00000060       0x20 arch/arm/mach-sunxi/pm/standby/super/resume/resume1_c_part.o
 .debug_aranges
                0x00000080       0x20 arch/arm/mach-sunxi/pm/standby/../pm_debug.o
 .debug_aranges
                0x000000a0       0x20 arch/arm/mach-sunxi/pm/standby/../mem_timing.o
 .debug_aranges
                0x000000c0       0x20 arch/arm/mach-sunxi/pm/standby/../mem_mmu_pc.o
 .debug_aranges
                0x000000e0       0x20 arch/arm/mach-sunxi/pm/standby/../mem_mmu_pc_asm.o
 .debug_aranges
                0x00000100       0x20 arch/arm/mach-sunxi/pm/standby/../mem_cpu.o
 .debug_aranges
                0x00000120       0x20 arch/arm/mach-sunxi/pm/standby/../mem_serial.o
 .debug_aranges
                0x00000140       0x20 arch/arm/mach-sunxi/pm/standby/../mem_printk.o
 .debug_aranges
                0x00000160       0x20 arch/arm/mach-sunxi/pm/standby/../mem_divlib.o
 .debug_aranges
                0x00000180       0x20 arch/arm/mach-sunxi/pm/standby/../mem_divlibc.o
 .debug_aranges
                0x000001a0       0x20 arch/arm/mach-sunxi/pm/standby/../mem_int.o
 .debug_aranges
                0x000001c0       0x20 arch/arm/mach-sunxi/pm/standby/../mem_gpio.o
 .debug_aranges
                0x000001e0       0x20 arch/arm/mach-sunxi/pm/standby/../mem_tmr.o
 .debug_aranges
                0x00000200       0x20 arch/arm/mach-sunxi/pm/standby/../mem_tmstmp.o
 .debug_aranges
                0x00000220       0x20 arch/arm/mach-sunxi/pm/standby/../mem_hwspinlock.o
 .debug_aranges
                0x00000240       0x20 arch/arm/mach-sunxi/pm/standby/../mem_clk.o

.debug_loc      0x00000000     0x1da4
 .debug_loc     0x00000000       0x64 arch/arm/mach-sunxi/pm/standby/super/common.o
 .debug_loc     0x00000064       0xae arch/arm/mach-sunxi/pm/standby/super/resume/resume1_c_part.o
 .debug_loc     0x00000112      0x1ee arch/arm/mach-sunxi/pm/standby/../pm_debug.o
 .debug_loc     0x00000300      0x380 arch/arm/mach-sunxi/pm/standby/../mem_timing.o
 .debug_loc     0x00000680       0x42 arch/arm/mach-sunxi/pm/standby/../mem_cpu.o
 .debug_loc     0x000006c2      0x539 arch/arm/mach-sunxi/pm/standby/../mem_serial.o
 .debug_loc     0x00000bfb      0x9e9 arch/arm/mach-sunxi/pm/standby/../mem_printk.o
 .debug_loc     0x000015e4       0xb2 arch/arm/mach-sunxi/pm/standby/../mem_divlibc.o
 .debug_loc     0x00001696      0x1d9 arch/arm/mach-sunxi/pm/standby/../mem_int.o
 .debug_loc     0x0000186f       0x8f arch/arm/mach-sunxi/pm/standby/../mem_gpio.o
 .debug_loc     0x000018fe       0x4f arch/arm/mach-sunxi/pm/standby/../mem_tmr.o
 .debug_loc     0x0000194d       0x3c arch/arm/mach-sunxi/pm/standby/../mem_tmstmp.o
 .debug_loc     0x00001989      0x1d7 arch/arm/mach-sunxi/pm/standby/../mem_hwspinlock.o
 .debug_loc     0x00001b60      0x244 arch/arm/mach-sunxi/pm/standby/../mem_clk.o

.debug_frame    0x00000000      0x814
 .debug_frame   0x00000000       0x20 arch/arm/mach-sunxi/pm/standby/super/common.o
 .debug_frame   0x00000020       0x48 arch/arm/mach-sunxi/pm/standby/super/resume/resume1_c_part.o
 .debug_frame   0x00000068      0x144 arch/arm/mach-sunxi/pm/standby/../pm_debug.o
 .debug_frame   0x000001ac       0xdc arch/arm/mach-sunxi/pm/standby/../mem_timing.o
 .debug_frame   0x00000288       0x40 arch/arm/mach-sunxi/pm/standby/../mem_mmu_pc.o
 .debug_frame   0x000002c8       0x90 arch/arm/mach-sunxi/pm/standby/../mem_cpu.o
 .debug_frame   0x00000358      0x110 arch/arm/mach-sunxi/pm/standby/../mem_serial.o
 .debug_frame   0x00000468       0xdc arch/arm/mach-sunxi/pm/standby/../mem_printk.o
 .debug_frame   0x00000544       0x30 arch/arm/mach-sunxi/pm/standby/../mem_divlibc.o
 .debug_frame   0x00000574       0x5c arch/arm/mach-sunxi/pm/standby/../mem_int.o
 .debug_frame   0x000005d0       0x40 arch/arm/mach-sunxi/pm/standby/../mem_gpio.o
 .debug_frame   0x00000610       0x80 arch/arm/mach-sunxi/pm/standby/../mem_tmr.o
 .debug_frame   0x00000690       0x30 arch/arm/mach-sunxi/pm/standby/../mem_tmstmp.o
 .debug_frame   0x000006c0       0x68 arch/arm/mach-sunxi/pm/standby/../mem_hwspinlock.o
 .debug_frame   0x00000728       0xec arch/arm/mach-sunxi/pm/standby/../mem_clk.o

.debug_ranges   0x00000000      0x1a8
 .debug_ranges  0x00000000      0x128 arch/arm/mach-sunxi/pm/standby/../mem_serial.o
 .debug_ranges  0x00000128       0x30 arch/arm/mach-sunxi/pm/standby/../mem_printk.o
 .debug_ranges  0x00000158       0x50 arch/arm/mach-sunxi/pm/standby/../mem_hwspinlock.o
